// Jest Snapshot v1, https://goo.gl/fbAQLP

exports[`App mounts without failing 1`] = `
<div
  className="App"
>
  <div
    className="Counter"
  >
    <h1
      className="Counter__Title-sc-15vxb1x-0 frBzxp"
    >
      Welcome to SnailJS!
    </h1>
    <img
      alt="Logo"
      src="/static/logo.png"
    />
    <button
      className="Counter__StyledButton-sc-15vxb1x-1 ixzgSS Button__StyledButton-sc-1at07yy-0 cVUxdz"
      onClick={[Function]}
      type="button"
    >
      This button has been clicked 
      0
       time
      s
      !
    </button>
    <section
      className="Counter__LinkWrapper-sc-15vxb1x-2 isVwwO"
    >
      <a
        className="Link__StyledLink-sc-1ukbgas-0 huLbfE"
        href="/6"
        onClick={[Function]}
      >
        Start with 6 clicks
      </a>
      
      <a
        className="Link__StyledAnchor-sc-1ukbgas-1 cZfESO"
        href="/server?apiKey="
      >
        Server-only route
      </a>
    </section>
  </div>
</div>
`;
