// Jest Snapshot v1, https://goo.gl/fbAQLP

exports[`/server 1`] = `Object {}`;
